Job started at: Mon 22 Sep 2025 02:51:50 PM PDT
Running seff for job 43003257...
Job ID: 43003257
Cluster: perlmutter
User/Group: lindajin/lindajin
State: RUNNING
Nodes: 1
Cores per node: 256
CPU Utilized: 00:00:00
CPU Efficiency: 0.00% of 00:46:56 core-walltime
Job Wall-clock time: 00:00:11
Memory Utilized: 0.00 MB
Memory Efficiency: 0.00% of 476.37 GB (476.37 GB/node)
WARNING: Efficiency statistics can only be obtained after the job has ended as seff tool is based on the accounting database data.
Number of MPI tasks: 1
CPUs per task: 128
OpenMP threads per task: 32
JAX/Numpyro not available - only MCMC inference available
Root directory is /pscratch/sd/l/lindajin/WL_ML
Root directory is /pscratch/sd/l/lindajin/WL_ML
Configuration: USE_PUBLIC_DATASET=True, MODEL_NAME=debug_CNN_MCMC_with_error_prop, METHOD=MCMC
There are 101 cosmological models, each has 256 realizations of nuisance parameters in the training data.
We assume a galaxy number density of 30 per arcmin², which determines the noise level of the experiment.
Training and validation data loaded
Shape of training data = (20604, 1424, 176)
Shape of validation data = (5252, 1424, 176)
Shape of training labels = (20604, 2)
Shape of validation labels = (5252, 2)
Using device: cpu

=== Step 1: Training CNN for Point Estimates ===
Image stats: Mean=-0.00014721968909725547, Std=0.020474432036280632
Label stats: Mean=[0.29021683 0.81345297], Std=[0.1055216  0.06600116]
Loading pretrained model from /pscratch/sd/l/lindajin/WL_ML/trained_model/debug_CNN_MCMC_with_error_prop.pth

=== Step 2: Getting CNN Predictions ===
Estimating NN error from validation set...
error_estimates.shape: (5252, 2)
Validation predictions shape: (5252, 2)
Test predictions shape: (4000, 2)

=== Step 3: Setting up MCMC Interpolators ===
Setting up MCMC interpolators from predictions...
Interpolators created for 101 cosmologies

=== Step 4: Validation Scoring ===
Using MCMC inference for validation...
Running MCMC inference...
Setting up priors: Ω_m ~ N(0.290, 0.106²), S_8 ~ N(0.813, 0.066²)
Test predictions shape: (5252, 2)
Current initial shape: (5252, 2)
Sample initial position: [0.2216     0.75185315] for test: [0.32739182 0.79131283]
Initial log probabilities range: [-214.84, 17.17]
Valid initial probabilities: 5252/5252
Running 10000 MCMC steps for 5252 test samples...
