Job started at: Sat 11 Oct 2025 05:08:59 PM PDT
Running seff for job 43880454...
Job ID: 43880454
Cluster: perlmutter
User/Group: lindajin/lindajin
State: RUNNING
Nodes: 1
Cores per node: 256
CPU Utilized: 00:00:00
CPU Efficiency: 0.00% of 00:17:04 core-walltime
Job Wall-clock time: 00:00:04
Memory Utilized: 0.00 MB
Memory Efficiency: 0.00% of 476.37 GB (476.37 GB/node)
WARNING: Efficiency statistics can only be obtained after the job has ended as seff tool is based on the accounting database data.
Number of MPI tasks: 1
CPUs per task: 128
OpenMP threads per task: 32
JAX/Numpyro available - HMC inference enabled
Root directory is /pscratch/sd/l/lindajin/WL_ML
Root directory is /pscratch/sd/l/lindajin/WL_ML
============================================================
Testing Robust Mean Estimator
============================================================
Root directory is /pscratch/sd/l/lindajin/WL_ML
There are 101 cosmological models, each has 256 realizations of nuisance parameters in the training data.
We assume a galaxy number density of 30 per arcmin², which determines the noise level of the experiment.
Training and validation data loaded
Shape of training data = (20604, 1424, 176)
Shape of validation data = (5252, 1424, 176)
Shape of training labels = (20604, 2)
Shape of validation labels = (5252, 2)
